Starting net.fabricmc.loader.impl.game.minecraft.BundlerClassPathCapture
[01:12:13] [main/INFO]: Loading Minecraft 26.1.2 with Fabric Loader 0.19.2
[01:12:13] [main/INFO]: Mappings not present!
[01:12:13] [main/INFO]: Loading 55 mods:
	- cobblemon 1.8.0+26.1.2-26.1.x-a3498fe
	- fabric-api 0.148.2+26.1.2
	   |-- fabric-api-base 2.0.3+ece063234c
	   |-- fabric-api-lookup-api-v1 2.0.11+d5a053b64c
	   |-- fabric-biome-api-v1 18.0.4+35c80edc4c
	   |-- fabric-block-api-v1 3.0.2+ec56b6014c
	   |-- fabric-block-getter-api-v2 2.0.6+ec56b6014c
	   |-- fabric-command-api-v2 3.0.5+e2bdee784c
	   |-- fabric-content-registries-v0 11.1.0+1a3b26974c
	   |-- fabric-convention-tags-v2 4.5.0+c52289644c
	   |-- fabric-crash-report-info-v1 1.0.3+9f78a5a84c
	   |-- fabric-creative-tab-api-v1 5.0.10+d871b99e4c
	   |-- fabric-data-attachment-api-v1 2.2.5+d602a8964c
	   |-- fabric-data-generation-api-v1 24.1.1+47b0d63c4c
	   |-- fabric-debug-api-v1 1.0.1+c792624d4c
	   |-- fabric-dimensions-v1 5.1.5+9cbf5da54c
	   |-- fabric-entity-events-v1 5.0.2+e2bdee784c
	   |-- fabric-events-interaction-v0 5.2.1+a67251b84c
	   |-- fabric-game-rule-api-v1 4.0.5+d871b99e4c
	   |-- fabric-item-api-v1 14.1.1+73d134684c
	   |-- fabric-key-mapping-api-v1 2.0.4+e2bdee784c
	   |-- fabric-lifecycle-events-v1 4.1.0+6d50a0854c
	   |-- fabric-loot-api-v3 3.0.11+00a1fba64c
	   |-- fabric-menu-api-v1 2.0.13+d871b99e4c
	   |-- fabric-message-api-v1 7.0.5+dae8ce3e4c
	   |-- fabric-model-loading-api-v1 8.0.6+c80601bb4c
	   |-- fabric-networking-api-v1 6.3.1+554860db4c
	   |-- fabric-object-builder-api-v1 23.0.15+b95dd56e4c
	   |-- fabric-particles-v1 5.0.15+b61fef434c
	   |-- fabric-recipe-api-v1 9.0.15+be4b75ae4c
	   |-- fabric-registry-sync-v0 7.0.13+b61fef434c
	   |-- fabric-renderer-api-v1 13.0.3+c80601bb4c
	   |-- fabric-renderer-indigo 8.1.0+1403e82c4c
	   |-- fabric-rendering-fluids-v1 6.0.1+d871b99e4c
	   |-- fabric-rendering-v1 23.1.0+1403e82c4c
	   |-- fabric-resource-conditions-api-v1 6.0.5+00a1fba64c
	   |-- fabric-resource-loader-v0 3.3.16+4fc5413f4c
	   |-- fabric-resource-loader-v1 2.0.9+d871b99e4c
	   |-- fabric-screen-api-v1 5.0.1+d871b99e4c
	   |-- fabric-serialization-api-v1 2.0.3+11a26f314c
	   |-- fabric-sound-api-v1 2.0.4+11a26f314c
	   |-- fabric-tag-api-v1 2.0.9+11a26f314c
	   |-- fabric-transfer-api-v1 8.0.5+357ea7334c
	   \-- fabric-transitive-access-wideners-v1 8.1.0+acd9108d4c
	- fabric-language-kotlin 1.13.11+kotlin.2.3.21
	   |-- org_jetbrains_kotlin_kotlin-reflect 2.3.21
	   |-- org_jetbrains_kotlin_kotlin-stdlib 2.3.21
	   |-- org_jetbrains_kotlin_kotlin-stdlib-jdk7 2.3.21
	   |-- org_jetbrains_kotlin_kotlin-stdlib-jdk8 2.3.21
	   |-- org_jetbrains_kotlinx_atomicfu-jvm 0.32.1
	   |-- org_jetbrains_kotlinx_kotlinx-coroutines-core-jvm 1.10.2
	   |-- org_jetbrains_kotlinx_kotlinx-coroutines-jdk8 1.10.2
	   |-- org_jetbrains_kotlinx_kotlinx-datetime-jvm 0.7.1
	   |-- org_jetbrains_kotlinx_kotlinx-io-bytestring-jvm 0.9.0
	   |-- org_jetbrains_kotlinx_kotlinx-io-core-jvm 0.9.0
	   |-- org_jetbrains_kotlinx_kotlinx-serialization-cbor-jvm 1.11.0
	   |-- org_jetbrains_kotlinx_kotlinx-serialization-core-jvm 1.11.0
	   \-- org_jetbrains_kotlinx_kotlinx-serialization-json-jvm 1.11.0
	- fabricloader 0.19.2
	   \-- mixinextras 0.5.4
	- java 25
	- minecraft 26.1.2
[01:12:13] [main/INFO]: SpongePowered MIXIN Subsystem Version=0.8.7 Source=file:/private/tmp/cobblemon-h6-fabric-server/libraries/net/fabricmc/sponge-mixin/0.17.2+mixin.0.8.7/sponge-mixin-0.17.2+mixin.0.8.7.jar Service=Knot/Fabric Env=SERVER
[01:12:13] [main/INFO]: Compatibility level set to JAVA_21
[01:12:13] [main/INFO]: Compatibility level set to JAVA_25
[01:12:14] [main/INFO]: Initializing MixinExtras via com.llamalad7.mixinextras.service.MixinExtrasServiceImpl(version=0.5.4).
WARNING: A restricted method in java.lang.System has been called
WARNING: java.lang.System::load has been called by com.sun.jna.Native in an unnamed module (file:/private/tmp/cobblemon-h6-fabric-server/libraries/net/java/dev/jna/jna/5.17.0/jna-5.17.0.jar)
WARNING: Use --enable-native-access=ALL-UNNAMED to avoid a warning for callers in this module
WARNING: Restricted methods will be blocked in a future release unless native access is enabled

WARNING: A terminally deprecated method in sun.misc.Unsafe has been called
WARNING: sun.misc.Unsafe::objectFieldOffset has been called by org.joml.MemUtil$MemUtilUnsafe (file:/private/tmp/cobblemon-h6-fabric-server/libraries/org/joml/joml/1.10.8/joml-1.10.8.jar)
WARNING: Please consider reporting this to the maintainers of class org.joml.MemUtil$MemUtilUnsafe
WARNING: sun.misc.Unsafe::objectFieldOffset will be removed in a future release
[01:12:21] [main/INFO]: Booting LaxPermissionValidator, permissions will be checked using Minecrafts permission level system, see https://minecraft.wiki/w/Permission_level
[01:12:21] [main/WARN]: CobblemonFabric.onInitialize stubbed (PT150) — fabric-api 26.1.x not yet shipped, no events registered.
[01:12:22] [main/INFO]: Environment: Environment[sessionHost=https://sessionserver.mojang.com, servicesHost=https://api.minecraftservices.com, profilesHost=https://api.mojang.com, name=PROD]
[01:12:22] [main/WARN]: Missing data pack cobblemon
[01:12:23] [Worker-Main-2/INFO]: No existing world data, creating new world
[01:12:23] [main/INFO]: Loaded 1515 recipes
[01:12:23] [main/INFO]: Loaded 1617 advancements
[01:12:24] [main/INFO]: Applied 0 biome modifications to 0 of 65 new biomes in 1.436 ms
[01:12:24] [Server thread/INFO]: Starting minecraft server version 26.1.2
[01:12:24] [Server thread/INFO]: Loading properties
[01:12:24] [Server thread/INFO]: Default game type: SURVIVAL
[01:12:24] [Server thread/INFO]: Generating keypair
[01:12:24] [Server thread/INFO]: Starting Minecraft server on *:25591
[01:12:24] [Server thread/WARN]: **** SERVER IS RUNNING IN OFFLINE/INSECURE MODE!
[01:12:24] [Server thread/WARN]: The server will make no attempt to authenticate usernames. Beware.
[01:12:24] [Server thread/WARN]: While this makes the game possible to play without internet access, it also opens up the ability for hackers to connect with any username they choose.
[01:12:24] [Server thread/WARN]: To change this, set "online-mode" to "true" in the server.properties file.
[01:12:24] [Server thread/INFO]: Preparing level "h6-world"
[01:12:24] [Server thread/INFO]: Selecting global world spawn...
[01:12:29] [Server thread/INFO]: Loading 0 persistent chunks...
[01:12:29] [Server thread/INFO]: Preparing spawn area: 100%
[01:12:29] [Server thread/INFO]: Time elapsed: 4495 ms
[01:12:29] [Server thread/INFO]: Done (4.908s)! For help, type "help"
[01:12:29] [Server thread/INFO]: Saving chunks for level 'ServerLevel[h6-world]'/minecraft:overworld
[01:12:29] [Server thread/INFO]: Saving chunks for level 'ServerLevel[h6-world]'/minecraft:the_end
[01:12:29] [Server thread/INFO]: Saving chunks for level 'ServerLevel[h6-world]'/minecraft:the_nether
[01:12:29] [Server thread/INFO]: ThreadedAnvilChunkStorage (world): All chunks are saved
[01:12:29] [Server thread/INFO]: ThreadedAnvilChunkStorage (DIM1): All chunks are saved
[01:12:29] [Server thread/INFO]: ThreadedAnvilChunkStorage (DIM-1): All chunks are saved
[01:12:29] [Server thread/INFO]: ThreadedAnvilChunkStorage: All dimensions are saved
[01:12:56] [Server thread/INFO]: Stopping server
